<Config>
  <Organization>UrFU</Organization>
  <LtiId>edx</LtiId>
  <ULearnCourseId>BasicProgramming</ULearnCourseId>
  <Video>video.json</Video>
  <Profiles>
    <Profile name="default">
      <UlearnUrl>https://ulearn.me</UlearnUrl>
    </Profile>
    <Profile name="dev">
      <UlearnUrl>http://localhost:3000</UlearnUrl>
    </Profile>
  </Profiles>
  <IgnoredUlearnSlides>
    <SlideId>1</SlideId>
    <SlideId>2</SlideId>
  </IgnoredUlearnSlides>
  <EmitSequentialsForInstructorNotes>false</EmitSequentialsForInstructorNotes>
</Config>