Строка 26, позиция 8: Содержимое парных фигурных скобок (строки 6–80) должно иметь одинаковый отступ.
Строка 76, позиция 8: Содержимое парных фигурных скобок (строки 6–80) должно иметь одинаковый отступ.
Строка 73, позиция 12: Парные фигурные скобки (строки 73–74) должны иметь отступ не меньше, чем у родителя.
Строки 9—11: Относительно предка данное выражение имеет некорректную позицию (меньше 4 пробелов)
Строки 18—20: Относительно предка данное выражение имеет некорректную позицию (мало отступов)
Строки 23—24: Добавьте пожалуйста дополнительный перенос строки
Строка 29, позиция 10: Не рекомендуется оставлять лишние пустые строки, пожалуйста уберите их
Строка 32, позиция 9: Относительно предка данное выражение имеет некорректную позицию (мало отступов)
Строка 34, позиция 12: Не рекомендуется оставлять лишние пустые строки, пожалуйста уберите их
Строка 38, позиция 7: Относительно предка данное выражение имеет некорректную позицию (мало отступов)
Строка 42, позиция 12: Относительно предка данное выражение имеет некорректную позицию (мало отступов)
Строка 43, позиция 10: Данное выражение рекомендуется выровнить таким же количеством отступов, как у предка
Строка 46, позиция 8: Относительно предка данное выражение имеет некорректную позицию (мало отступов)
Строка 48, позиция 4: Относительно предка данное выражение имеет некорректную позицию (мало отступов)
Строка 51, позиция 13: Относительно предка данное выражение имеет некорректную позицию (меньше 4 пробелов)
Строки 52—53: Данное выражение рекомендуется выровнить таким же количеством отступов, как у предка
Строка 56, позиция 6: Относительно предка данное выражение имеет некорректную позицию (мало отступов)
Строка 59, позиция 13: Относительно предка данное выражение имеет некорректную позицию (меньше 4 пробелов)
Строка 62, позиция 2: Относительно предка данное выражение имеет некорректную позицию (мало отступов)
Строка 66, позиция 8: Не рекомендуется оставлять лишние пустые строки, пожалуйста уберите их
Строка 69, позиция 0: Относительно предка данное выражение имеет некорректную позицию (мало отступов)
Строки 76—79: Относительно предка данное выражение имеет некорректную позицию (мало отступов)