Строка 10, позиция 1: Содержимое парных фигурных скобок (строки 9–11) должно иметь дополнительный отступ.
Строка 21, позиция 2: Содержимое парных фигурных скобок (строки 20–22) должно иметь дополнительный отступ.
Строка 27, позиция 1: Содержимое парных фигурных скобок (строки 26–28) должно иметь дополнительный отступ.
Строка 32, позиция 0: Содержимое парных фигурных скобок (строки 31–33) должно иметь дополнительный отступ.
Строка 39, позиция 0: Содержимое парных фигурных скобок (строки 38–40) должно иметь дополнительный отступ.
Строка 44, позиция 2: Содержимое парных фигурных скобок (строки 43–45) должно иметь дополнительный отступ.
Строка 49, позиция 0: Содержимое парных фигурных скобок (строки 48–50) должно иметь дополнительный отступ.
Строка 54, позиция 0: Содержимое парных фигурных скобок (строки 53–55) должно иметь дополнительный отступ.
Строка 59, позиция 1: Содержимое парных фигурных скобок (строки 58–60) должно иметь дополнительный отступ.
Строка 64, позиция 0: Содержимое парных фигурных скобок (строки 63–65) должно иметь дополнительный отступ.
Строка 70, позиция 3: Содержимое парных фигурных скобок (строки 69–71) должно иметь дополнительный отступ.
Строка 75, позиция 2: Содержимое парных фигурных скобок (строки 74–76) должно иметь дополнительный отступ.