Строка 6, позиция 0: На верхнем уровне все объявления и инструкции должны иметь одинаковый отступ.