Строка 8, позиция 2: Парные фигурные скобки (строки 8–10) должны иметь отступ не меньше, чем у родителя.
Строка 16, позиция 1: Парные фигурные скобки (строки 16–18) должны иметь отступ не меньше, чем у родителя.
Строка 24, позиция 0: Парные фигурные скобки (строки 24–26) должны иметь отступ не меньше, чем у родителя.
Строка 31, позиция 1: Парные фигурные скобки (строки 31–33) должны иметь отступ не меньше, чем у родителя.
Строка 37, позиция 0: Парные фигурные скобки (строки 37–39) должны иметь отступ не меньше, чем у родителя.
Строка 43, позиция 1: Парные фигурные скобки (строки 43–45) должны иметь отступ не меньше, чем у родителя.