Строка 6, позиция 2: Парные фигурные скобки (строки 6–8) должны иметь одинаковый отступ.
Строка 11, позиция 2: Парные фигурные скобки (строки 11–13) должны иметь одинаковый отступ.
Строка 16, позиция 2: Парные фигурные скобки (строки 16–18) должны иметь одинаковый отступ.
Строка 21, позиция 2: Парные фигурные скобки (строки 21–23) должны иметь одинаковый отступ.
Строка 28, позиция 4: Парные фигурные скобки (строки 28–30) должны иметь одинаковый отступ.
Строка 33, позиция 3: Парные фигурные скобки (строки 33–35) должны иметь одинаковый отступ.
Строка 38, позиция 3: Парные фигурные скобки (строки 38–40) должны иметь одинаковый отступ.
Строка 43, позиция 4: Парные фигурные скобки (строки 43–52) должны иметь одинаковый отступ.
Строка 45, позиция 5: Парные фигурные скобки (строки 45–47) должны иметь одинаковый отступ.
Строка 49, позиция 5: Парные фигурные скобки (строки 49–51) должны иметь одинаковый отступ.