Строка 7, позиция 43: После открывающей фигурной скобки на той же строке не должно быть кода.
Строка 12, позиция 2: После открывающей фигурной скобки на той же строке не должно быть кода.
Строка 16, позиция 2: После открывающей фигурной скобки на той же строке не должно быть кода.
Строка 20, позиция 2: После открывающей фигурной скобки на той же строке не должно быть кода.
Строка 27, позиция 3: После открывающей фигурной скобки на той же строке не должно быть кода.
Строка 33, позиция 3: После открывающей фигурной скобки на той же строке не должно быть кода.