Строка 8, позиция 1: Содержимое парных фигурных скобок (строки 7, 12) должно иметь дополнительный отступ.
Строка 16, позиция 1: Содержимое парных фигурных скобок (строки 15, 18) должно иметь дополнительный отступ.
Строка 17, позиция 0: Содержимое парных фигурных скобок (строки 15, 18) должно иметь одинаковый отступ.
Строка 22, позиция 1: Содержимое парных фигурных скобок (строки 21, 23) должно иметь дополнительный отступ.
Строка 27, позиция 0: Содержимое парных фигурных скобок (строки 26, 31) должно иметь дополнительный отступ.
Строка 37, позиция 2: Содержимое парных фигурных скобок (строки 36, 38) должно иметь дополнительный отступ.
Строка 41, позиция 2: Содержимое парных фигурных скобок (строки 40, 42) должно иметь дополнительный отступ.
Строка 46, позиция 2: Содержимое парных фигурных скобок (строки 45, 48) должно иметь дополнительный отступ.
Строка 52, позиция 1: Содержимое парных фигурных скобок (строки 51, 58) должно иметь дополнительный отступ.
Строка 56, позиция 1: Содержимое парных фигурных скобок (строки 55, 57) должно иметь дополнительный отступ.
Строка 63, позиция 3: Содержимое парных фигурных скобок (строки 62, 64) должно иметь дополнительный отступ.
Строка 70, позиция 2: Содержимое парных фигурных скобок (строки 69, 72) должно иметь дополнительный отступ.
Строка 71, позиция 3: Содержимое парных фигурных скобок (строки 69, 72) должно иметь одинаковый отступ.
Строка 77, позиция 1: Содержимое парных фигурных скобок (строки 76, 78) должно иметь дополнительный отступ.
Строка 82, позиция 2: Содержимое парных фигурных скобок (строки 81, 83) должно иметь дополнительный отступ.
Строка 87, позиция 1: Содержимое парных фигурных скобок (строки 86, 88) должно иметь дополнительный отступ.
Строка 92, позиция 2: Содержимое парных фигурных скобок (строки 91, 93) должно иметь дополнительный отступ.
Строка 97, позиция 1: Содержимое парных фигурных скобок (строки 96, 98) должно иметь дополнительный отступ.
Строка 101, позиция 2: Содержимое парных фигурных скобок (строки 100, 103) должно иметь дополнительный отступ.
Строка 102, позиция 3: Содержимое парных фигурных скобок (строки 100, 103) должно иметь одинаковый отступ.
Строка 106, позиция 2: Содержимое парных фигурных скобок (строки 105, 115) должно иметь дополнительный отступ.
Строка 108, позиция 2: Содержимое парных фигурных скобок (строки 107, 114) должно иметь дополнительный отступ.
Строка 119, позиция 2: Содержимое парных фигурных скобок (строки 118, 121) должно иметь дополнительный отступ.
Строка 120, позиция 3: Содержимое парных фигурных скобок (строки 118, 121) должно иметь одинаковый отступ.
Строка 125, позиция 2: Содержимое парных фигурных скобок (строки 124, 130) должно иметь дополнительный отступ.
Строка 126, позиция 3: Содержимое парных фигурных скобок (строки 124, 130) должно иметь одинаковый отступ.
Строка 135, позиция 3: Содержимое парных фигурных скобок (строки 134, 139) должно иметь дополнительный отступ.