Строка 10, позиция 4: Перед закрывающей фигурной скобкой на той же строке не должно быть кода.
Строка 15, позиция 9: Перед закрывающей фигурной скобкой на той же строке не должно быть кода.
Строка 21, позиция 8: Перед закрывающей фигурной скобкой на той же строке не должно быть кода.
Строка 39, позиция 8: Перед закрывающей фигурной скобкой на той же строке не должно быть кода.
Строка 31, позиция 5: Перед закрывающей фигурной скобкой на той же строке не должно быть кода.
Строка 36, позиция 10: Перед закрывающей фигурной скобкой на той же строке не должно быть кода.