Строка 3, позиция 0: Между объявлением и открывающей скобкой не должно быть лишнего переноса строки.
Строка 3, позиция 0: После открывающей скобки не должно быть лишнего переноса строки.
Строка 10, позиция 1: Между объявлением и открывающей скобкой не должно быть лишнего переноса строки.
Строка 15, позиция 1: Между объявлением и открывающей скобкой не должно быть лишнего переноса строки.
Строка 24, позиция 2: Между объявлением и открывающей скобкой не должно быть лишнего переноса строки.
Строка 32, позиция 2: Между объявлением и открывающей скобкой не должно быть лишнего переноса строки.
Строка 37, позиция 2: Между объявлением и открывающей скобкой не должно быть лишнего переноса строки.
Строка 43, позиция 2: Между объявлением и открывающей скобкой не должно быть лишнего переноса строки.
Строка 47, позиция 2: После открывающей скобки не должно быть лишнего переноса строки.
Строка 52, позиция 2: Перед закрывающей скобкой не должно быть лишнего переноса строки.
Строка 55, позиция 2: После открывающей скобки не должно быть лишнего переноса строки.
Строка 57, позиция 3: После открывающей скобки не должно быть лишнего переноса строки.
Строка 62, позиция 2: Перед закрывающей скобкой не должно быть лишнего переноса строки.
Строка 67, позиция 1: Перед закрывающей скобкой не должно быть лишнего переноса строки.
Строка 70, позиция 1: После открывающей скобки не должно быть лишнего переноса строки.
Строка 80, позиция 3: Между объявлением и открывающей скобкой не должно быть лишнего переноса строки.
Строка 80, позиция 3: После открывающей скобки не должно быть лишнего переноса строки.
Строка 84, позиция 3: Перед закрывающей скобкой не должно быть лишнего переноса строки.
Строка 86, позиция 2: Перед закрывающей скобкой не должно быть лишнего переноса строки.
Строка 90, позиция 2: После закрывающей скобки нужно оставить одну пустую строку.
Строка 93, позиция 2: После закрывающей скобки нужно оставить одну пустую строку.
Строка 98, позиция 1: Перед закрывающей скобкой не должно быть лишнего переноса строки.
Строка 102, позиция 1: После закрывающей скобки нужно оставить одну пустую строку.
Строка 109, позиция 1: После закрывающей скобки нужно оставить одну пустую строку.
Строка 116, позиция 1: После закрывающей скобки нужно оставить одну пустую строку.
Строка 119, позиция 1: Между объявлением и открывающей скобкой не должно быть лишнего переноса строки.
Строка 124, позиция 1: После закрывающей скобки нужно оставить одну пустую строку.
Строка 127, позиция 1: После закрывающей скобки нужно оставить одну пустую строку.
Строка 132, позиция 0: Перед закрывающей скобкой не должно быть лишнего переноса строки.
Строка 132, позиция 0: После закрывающей скобки нужно оставить одну пустую строку.
Строка 135, позиция 0: После закрывающей скобки нужно оставить одну пустую строку.
Строка 142, позиция 2: После закрывающей скобки нужно оставить одну пустую строку.
Строка 150, позиция 1: После открывающей скобки не должно быть лишнего переноса строки.