Строка 5, позиция 21: Разрешено передавать через `ref` только примитивные типы.
Строка 10, позиция 21: Разрешено передавать через `ref` только примитивные типы.
Строка 10, позиция 57: Разрешено передавать через `ref` только примитивные типы.
Строка 15, позиция 21: Разрешено передавать через `ref` только примитивные типы.
Строка 19, позиция 34: Разрешено передавать через `ref` только примитивные типы.