Строки 11—15: В блоке `if` всегда происходит выход из функции, поэтому `else` можно убрать.
Строки 22—26: В блоке `if` всегда происходит выход из функции, поэтому `else` можно убрать.